
## M4 Translation Run — 2026-08-24T00:35:08Z

**Input**: `data/processed/google_v3_cell_a_1h_intermediate.jsonl`  
**Output**: `data/processed/pureedgesim_tasks_1h.json`  
**Overall result**: ✅ M4 PASSED

### Parameters

| Parameter | Value |
|---|---|
| MIPS_base | 2000 MIPS |
| MaxCellRAM | 64.0 GB |
| N_edge_devices | 10 |
| RNG seed | 42 |
| α_input (fileSizeInBits ratio) | 0.25 |
| LogNormal(μ, σ) | (0.0, 0.5) |
| Uniform(β_min, β_max) | (0.05, 0.2) |
| SlackFactor κ, λ | 0.5, 0.5 |

### Validation Checklist

| Result | Check |
|---|---|
| ✅ PASS | length > 0 for all tasks |
| ✅ PASS | containerSizeInBits > 0 for all |
| ✅ PASS | maxLatency >= delta_t_exec for all |
| ✅ PASS | Record count invariant (N_out==N_in) |
| ✅ PASS | edgeDevice in [0, N_edge-1] |

### Translation Formulas

```
length_mi        = round(req_cpus × 2000 × delta_t_exec)
containerBits    = round(req_memory × 68,719,476,736 × 8)
fileSizeInBits   = round(containerBits × 0.25 × LogNormal(μ=0.0, σ=0.5))
outputSizeInBits = round(fileSizeInBits × Uniform(0.05, 0.2))
SlackFactor      = 0.5(3 - Sc) + 0.5(1 - P / 450)
maxLatency       = delta_t_exec × (1.0 + SlackFactor)
edgeDevice       = |hashCode(user)| mod 10
```

### Output Field Quantiles

| Field | P1 | P25 | P50 | P75 | P90 | P99 |
|---|---|---|---|---|---|---|
| length_mi [MI] | 29.0 | 1791.0 | 5957.0 | 12661.0 | 51361.2 | 132666.3 |
| containerSize [MB] | 13.750 | 94.125 | 213.250 | 426.500 | 915.400 | 1951.440 |
| fileSize [MB] | 1.543 | 21.451 | 53.166 | 114.208 | 235.042 | 696.492 |
| maxLatency [s] | 12.558 | 132.284 | 789.251 | 1451.945 | 3446.729 | 5879.357 |
| slackFactor | 0.278 | 1.000 | 1.278 | 1.278 | 1.778 | 2.000 |

### Edge Device Assignment Distribution

| Device Index | Task Count | % |
|---|---|---|
| 0 | 15,040 | 34.5% |
| 1 | 2,306 | 5.3% |
| 2 | 479 | 1.1% |
| 3 | 238 | 0.5% |
| 4 | 7,282 | 16.7% |
| 5 | 2,695 | 6.2% |
| 6 | 632 | 1.4% |
| 7 | 4,329 | 9.9% |
| 8 | 9,734 | 22.3% |
| 9 | 894 | 2.0% |

---
